<html>
<body>
<pre>
<h1>µVision Build Log</h1>
<h2>Tool Versions:</h2>
IDE-Version: ¦ÌVision V5.35.0.0
Copyright (C) 2021 ARM Ltd and ARM Germany GmbH. All rights reserved.
License Information: Y HL, UESTC, LIC=TIVNB-2EXVS-VE6HA-1CMTE-P41UW-YNS2M
 
Tool Versions:
Toolchain:       MDK-ARM Plus  Version: 5.35.0.2
Toolchain Path:  D:\keil\ARM\ARMCC\Bin
C Compiler:      Armcc.exe V5.06 update 7 (build 960)
Assembler:       Armasm.exe V5.06 update 7 (build 960)
Linker/Locator:  ArmLink.exe V5.06 update 7 (build 960)
Library Manager: ArmAr.exe V5.06 update 7 (build 960)
Hex Converter:   FromElf.exe V5.06 update 7 (build 960)
CPU DLL:         SARMCM3.DLL V5.35.0.2
Dialog DLL:      DCM.DLL V1.17.3.0
Target DLL:      STLink\ST-LINKIII-KEIL_SWO.dll V3.0.9.0
Dialog DLL:      TCM.DLL V1.53.0.0
 
<h2>Project:</h2>
D:\WorkSpace\MX\CAR\MDK-ARM\CAR.uvprojx
Project File Date:  03/29/2024

<h2>Output:</h2>
*** Using Compiler 'V5.06 update 7 (build 960)', folder: 'D:\keil\ARM\ARMCC\Bin'
Rebuild target 'CAR'
assembling startup_stm32f103xb.s...
compiling main.c...
./Users/motor.h(12): warning:  #1295-D: Deprecated declaration motor_stop - give arg types
  void motor_stop();
./Users/motor.h(19): warning:  #1-D: last line of file ends without a newline
  #endif /* __MOTOR_H_ */
./Users/Bluetooth.h(15): warning:  #1-D: last line of file ends without a newline
  #endif /* __BLUETOOTH_H_ */
../Core/Src/main.c: 3 warnings, 0 errors
compiling gpio.c...
compiling stm32f1xx_hal_gpio_ex.c...
compiling dma.c...
compiling Bluetooth.c...
Users\motor.h(12): warning:  #1295-D: Deprecated declaration motor_stop - give arg types
  void motor_stop();
Users\motor.h(19): warning:  #1-D: last line of file ends without a newline
  #endif /* __MOTOR_H_ */
Users\Bluetooth.h(15): warning:  #1-D: last line of file ends without a newline
  #endif /* __BLUETOOTH_H_ */
Users\Bluetooth.c(46): warning:  #1-D: last line of file ends without a newline
  }
Users\Bluetooth.c: 4 warnings, 0 errors
compiling motor.c...
Users\motor.h(12): warning:  #1295-D: Deprecated declaration motor_stop - give arg types
  void motor_stop();
Users\motor.h(19): warning:  #1-D: last line of file ends without a newline
  #endif /* __MOTOR_H_ */
Users\motor.c(84): warning:  #1-D: last line of file ends without a newline
  }
Users\motor.c: 3 warnings, 0 errors
compiling stm32f1xx_it.c...
compiling stm32f1xx_hal.c...
compiling usart.c...
compiling tim.c...
compiling stm32f1xx_hal_msp.c...
compiling stm32f1xx_hal_rcc.c...
compiling stm32f1xx_hal_tim_ex.c...
compiling stm32f1xx_hal_tim.c...
compiling stm32f1xx_hal_rcc_ex.c...
compiling stm32f1xx_hal_gpio.c...
compiling system_stm32f1xx.c...
compiling stm32f1xx_hal_cortex.c...
compiling stm32f1xx_hal_exti.c...
compiling stm32f1xx_hal_flash.c...
compiling stm32f1xx_hal_pwr.c...
compiling stm32f1xx_hal_flash_ex.c...
compiling stm32f1xx_hal_dma.c...
compiling stm32f1xx_hal_uart.c...
linking...
Program Size: Code=8116 RO-data=312 RW-data=20 ZI-data=1356  
FromELF: creating hex file...
"CAR\CAR.axf" - 0 Error(s), 10 Warning(s).

<h2>Software Packages used:</h2>

Package Vendor: ARM
                http://www.keil.com/pack/ARM.CMSIS.5.8.0.pack
                ARM.CMSIS.5.8.0
                CMSIS (Common Microcontroller Software Interface Standard)
   * Component: CORE Version: 5.5.0

Package Vendor: Keil
                https://www.keil.com/pack/Keil.STM32F1xx_DFP.2.4.1.pack
                Keil.STM32F1xx_DFP.2.4.1
                STMicroelectronics STM32F1 Series Device Support, Drivers and Examples

<h2>Collection of Component include folders:</h2>
  .\RTE\_CAR
  C:\Users\27974\AppData\Local\Arm\Packs\ARM\CMSIS\5.8.0\CMSIS\Core\Include
  C:\Users\27974\AppData\Local\Arm\Packs\Keil\STM32F1xx_DFP\2.4.1\Device\Include

<h2>Collection of Component Files used:</h2>

   * Component: ARM::CMSIS:CORE:5.5.0
      Include file:  CMSIS\Core\Include\tz_context.h
Build Time Elapsed:  00:00:03
</pre>
</body>
</html>
